0 -   (0 ns)
0 -   (0 ns)
8 -   (105 ns)
9 -   (305 ns)
10 -   (315 ns)
11 -   (325 ns)
12 -   (335 ns)
13 -   (345 ns)
14 -   (355 ns)
15 -   (365 ns)
0 -   (375 ns)
1 -   (385 ns)
2 -   (395 ns)
3 -   (505 ns)
4 -   (515 ns)
5 -   (525 ns)
6 -   (535 ns)
7 -   (545 ns)
8 -   (555 ns)
9 -   (565 ns)
10 -   (575 ns)
11 -   (585 ns)
12 -   (595 ns)
1 -   (705 ns)
2 -   (715 ns)
3 -   (725 ns)
4 -   (735 ns)
5 -   (745 ns)
6 -   (755 ns)
7 -   (765 ns)
8 -   (775 ns)
9 -   (785 ns)
10 -   (795 ns)
11 -   (805 ns)
12 -   (915 ns)
13 -   (925 ns)
14 -   (935 ns)
15 -   (945 ns)
0 -   (955 ns)
1 -   (965 ns)
2 -   (975 ns)
3 -   (985 ns)
4 -   (995 ns)
5 -   (1005 ns)
1 -   (1115 ns)
2 -   (1125 ns)
3 -   (1135 ns)
4 -   (1145 ns)
5 -   (1155 ns)
6 -   (1165 ns)
7 -   (1175 ns)
8 -   (1185 ns)
9 -   (1195 ns)
10 -   (1205 ns)
11 -   (1215 ns)
12 -   (1325 ns)
13 -   (1335 ns)
14 -   (1345 ns)
15 -   (1355 ns)
0 -   (1365 ns)
1 -   (1375 ns)
2 -   (1385 ns)
3 -   (1395 ns)
4 -   (1405 ns)
5 -   (1415 ns)
1 -   (1525 ns)
2 -   (1535 ns)
3 -   (1545 ns)
4 -   (1555 ns)
5 -   (1565 ns)
6 -   (1575 ns)
7 -   (1585 ns)
8 -   (1595 ns)
9 -   (1605 ns)
10 -   (1615 ns)
11 -   (1625 ns)
12 -   (1735 ns)
13 -   (1745 ns)
14 -   (1755 ns)
15 -   (1765 ns)
0 -   (1775 ns)
1 -   (1785 ns)
2 -   (1795 ns)
3 -   (1805 ns)
4 -   (1815 ns)
5 -   (1825 ns)
1 -   (1935 ns)
2 -   (1945 ns)
3 -   (1955 ns)
4 -   (1965 ns)
5 -   (1975 ns)
6 -   (1985 ns)
7 -   (1995 ns)
8 -   (2005 ns)
9 -   (2015 ns)
10 -   (2025 ns)
11 -   (2035 ns)
12 -   (2145 ns)
13 -   (2155 ns)
14 -   (2165 ns)
15 -   (2175 ns)
0 -   (2185 ns)
1 -   (2195 ns)
2 -   (2205 ns)
3 -   (2215 ns)
4 -   (2225 ns)
5 -   (2235 ns)
1 -   (2345 ns)
2 -   (2355 ns)
3 -   (2365 ns)
4 -   (2375 ns)
5 -   (2385 ns)
6 -   (2395 ns)
7 -   (2405 ns)
8 -   (2415 ns)
9 -   (2425 ns)
10 -   (2435 ns)
11 -   (2445 ns)
12 -   (2555 ns)
13 -   (2565 ns)
14 -   (2575 ns)
15 -   (2585 ns)
0 -   (2595 ns)
1 -   (2605 ns)
2 -   (2615 ns)
3 -   (2625 ns)
4 -   (2635 ns)
5 -   (2645 ns)
1 -   (2755 ns)
2 -   (2765 ns)
3 -   (2775 ns)
4 -   (2785 ns)
5 -   (2795 ns)
6 -   (2805 ns)
7 -   (2815 ns)
8 -   (2825 ns)
9 -   (2835 ns)
10 -   (2845 ns)
11 -   (2855 ns)
12 -   (2965 ns)
13 -   (2975 ns)
14 -   (2985 ns)
15 -   (2995 ns)
0 -   (3005 ns)
1 -   (3015 ns)
2 -   (3025 ns)
3 -   (3035 ns)
4 -   (3045 ns)
5 -   (3055 ns)
1 -   (3165 ns)
2 -   (3175 ns)
3 -   (3185 ns)
4 -   (3195 ns)
5 -   (3205 ns)
6 -   (3215 ns)
7 -   (3225 ns)
8 -   (3235 ns)
9 -   (3245 ns)
10 -   (3255 ns)
11 -   (3265 ns)
12 -   (3375 ns)
13 -   (3385 ns)
14 -   (3395 ns)
15 -   (3405 ns)
0 -   (3415 ns)
1 -   (3425 ns)
2 -   (3435 ns)
3 -   (3445 ns)
4 -   (3455 ns)
5 -   (3465 ns)
1 -   (3575 ns)
2 -   (3585 ns)
3 -   (3595 ns)
4 -   (3605 ns)
5 -   (3615 ns)
6 -   (3625 ns)
7 -   (3635 ns)
8 -   (3645 ns)
9 -   (3655 ns)
10 -   (3665 ns)
11 -   (3675 ns)
12 -   (3785 ns)
13 -   (3795 ns)
14 -   (3805 ns)
15 -   (3815 ns)
0 -   (3825 ns)
1 -   (3835 ns)
2 -   (3845 ns)
3 -   (3855 ns)
4 -   (3865 ns)
5 -   (3875 ns)
1 -   (3985 ns)
2 -   (3995 ns)
